// Jest Snapshot v1, https://goo.gl/fbAQLP

exports[`<Grid /> renders and displays properly 1`] = `
<Grid
  cellSize={40}
  data={
    Array [
      Array [
        8,
        0,
        1,
        0,
      ],
      Array [
        0,
        1,
        0,
        Array [
          90,
          "BLUE",
        ],
      ],
      Array [
        Array [
          20,
          "BLUE",
        ],
        1,
        0,
        0,
      ],
      Array [
        0,
        0,
        0,
        Array [
          20,
          "BLUE",
        ],
      ],
    ]
  }
  recalculate={
    [MockFunction] {
      "calls": Array [
        Array [
          Object {
            "pointerHeight": 0,
            "pointerWidth": 0,
          },
        ],
      ],
      "results": Array [
        Object {
          "type": "return",
          "value": undefined,
        },
      ],
    }
  }
>
  <div>
    <styled.div
      key="0"
    >
      <div
        className="sc-AxirZ geALnH"
      >
        <styled.div
          className="grid-cell light-green lighten-4"
          height={40}
          id="#grid-cell-0-0"
          key="0"
          width={40}
        >
          <div
            className="sc-AxjAm iYVETC grid-cell light-green lighten-4"
            height={40}
            id="#grid-cell-0-0"
            width={40}
          >
             
          </div>
        </styled.div>
        <styled.div
          className="grid-cell blue"
          height={40}
          id="#grid-cell-0-1"
          key="1"
          width={40}
        >
          <div
            className="sc-AxjAm iYVETC grid-cell blue"
            height={40}
            id="#grid-cell-0-1"
            width={40}
          >
             
          </div>
        </styled.div>
        <styled.div
          className="grid-cell blue"
          height={40}
          id="#grid-cell-0-2"
          key="2"
          width={40}
        >
          <div
            className="sc-AxjAm iYVETC grid-cell blue"
            height={40}
            id="#grid-cell-0-2"
            width={40}
          >
             
          </div>
        </styled.div>
        <styled.div
          className="grid-cell blue"
          height={40}
          id="#grid-cell-0-3"
          key="3"
          width={40}
        >
          <div
            className="sc-AxjAm iYVETC grid-cell blue"
            height={40}
            id="#grid-cell-0-3"
            width={40}
          >
             
          </div>
        </styled.div>
      </div>
    </styled.div>
    <styled.div
      key="1"
    >
      <div
        className="sc-AxirZ geALnH"
      >
        <styled.div
          className="grid-cell blue"
          height={40}
          id="#grid-cell-1-0"
          key="0"
          width={40}
        >
          <div
            className="sc-AxjAm iYVETC grid-cell blue"
            height={40}
            id="#grid-cell-1-0"
            width={40}
          >
             
          </div>
        </styled.div>
        <styled.div
          className="grid-cell blue"
          height={40}
          id="#grid-cell-1-1"
          key="1"
          width={40}
        >
          <div
            className="sc-AxjAm iYVETC grid-cell blue"
            height={40}
            id="#grid-cell-1-1"
            width={40}
          >
             
          </div>
        </styled.div>
        <styled.div
          className="grid-cell blue"
          height={40}
          id="#grid-cell-1-2"
          key="2"
          width={40}
        >
          <div
            className="sc-AxjAm iYVETC grid-cell blue"
            height={40}
            id="#grid-cell-1-2"
            width={40}
          >
             
          </div>
        </styled.div>
        <styled.div
          className="grid-cell blue"
          height={40}
          id="#grid-cell-1-3"
          key="3"
          width={40}
        >
          <div
            className="sc-AxjAm iYVETC grid-cell blue"
            height={40}
            id="#grid-cell-1-3"
            width={40}
          >
             
          </div>
        </styled.div>
      </div>
    </styled.div>
    <styled.div
      key="2"
    >
      <div
        className="sc-AxirZ geALnH"
      >
        <styled.div
          className="grid-cell blue"
          height={40}
          id="#grid-cell-2-0"
          key="0"
          width={40}
        >
          <div
            className="sc-AxjAm iYVETC grid-cell blue"
            height={40}
            id="#grid-cell-2-0"
            width={40}
          >
             
          </div>
        </styled.div>
        <styled.div
          className="grid-cell blue"
          height={40}
          id="#grid-cell-2-1"
          key="1"
          width={40}
        >
          <div
            className="sc-AxjAm iYVETC grid-cell blue"
            height={40}
            id="#grid-cell-2-1"
            width={40}
          >
             
          </div>
        </styled.div>
        <styled.div
          className="grid-cell blue"
          height={40}
          id="#grid-cell-2-2"
          key="2"
          width={40}
        >
          <div
            className="sc-AxjAm iYVETC grid-cell blue"
            height={40}
            id="#grid-cell-2-2"
            width={40}
          >
             
          </div>
        </styled.div>
        <styled.div
          className="grid-cell blue"
          height={40}
          id="#grid-cell-2-3"
          key="3"
          width={40}
        >
          <div
            className="sc-AxjAm iYVETC grid-cell blue"
            height={40}
            id="#grid-cell-2-3"
            width={40}
          >
             
          </div>
        </styled.div>
      </div>
    </styled.div>
    <styled.div
      key="3"
    >
      <div
        className="sc-AxirZ geALnH"
      >
        <styled.div
          className="grid-cell blue"
          height={40}
          id="#grid-cell-3-0"
          key="0"
          width={40}
        >
          <div
            className="sc-AxjAm iYVETC grid-cell blue"
            height={40}
            id="#grid-cell-3-0"
            width={40}
          >
             
          </div>
        </styled.div>
        <styled.div
          className="grid-cell blue"
          height={40}
          id="#grid-cell-3-1"
          key="1"
          width={40}
        >
          <div
            className="sc-AxjAm iYVETC grid-cell blue"
            height={40}
            id="#grid-cell-3-1"
            width={40}
          >
             
          </div>
        </styled.div>
        <styled.div
          className="grid-cell blue"
          height={40}
          id="#grid-cell-3-2"
          key="2"
          width={40}
        >
          <div
            className="sc-AxjAm iYVETC grid-cell blue"
            height={40}
            id="#grid-cell-3-2"
            width={40}
          >
             
          </div>
        </styled.div>
        <styled.div
          className="grid-cell blue"
          height={40}
          id="#grid-cell-3-3"
          key="3"
          width={40}
        >
          <div
            className="sc-AxjAm iYVETC grid-cell blue"
            height={40}
            id="#grid-cell-3-3"
            width={40}
          >
             
          </div>
        </styled.div>
      </div>
    </styled.div>
  </div>
</Grid>
`;
